// Jest Snapshot v1, https://goo.gl/fbAQLP

exports[`Country  page renders correctly 1`] = `
<div
  className="container"
  style={
    Object {
      "display": "block",
      "margin": "auto",
      "width": "90%",
    }
  }
>
  <div
    className="row"
    style={
      Object {
        "display": "flex",
        "justifyContent": "space-between",
      }
    }
  />
</div>
`;
