// Jest Snapshot v1, https://goo.gl/fbAQLP

exports[`renders correctly 1`] = `
<div
  className="px-2 pr-2"
>
  <div
    className="row"
  >
    <div
      className="ps-lg-5 col-lg-6 col-md-6 col-sm-12"
    >
      <h2>
        My Missions
      </h2>
      <div
        className="list-group"
        onKeyDown={[Function]}
      >
        <div
          className="list-group-item"
          data-rr-ui-event-key={null}
          onClick={[Function]}
        >
          No missions have been reserved.
        </div>
      </div>
    </div>
    <div
      className="pe-lg-5 col-lg-6 col-md-6 col-sm-12"
    >
      <h2>
        My Rockets
      </h2>
      <div
        className="list-group"
        onKeyDown={[Function]}
      >
        <div
          className="list-group-item"
          data-rr-ui-event-key={null}
          onClick={[Function]}
        >
          No rockets have been reserved.
        </div>
      </div>
    </div>
  </div>
</div>
`;
