// Jest Snapshot v1, https://goo.gl/fbAQLP

exports[`Rocket page renders correctly 1`] = `null`;
